// Jest Snapshot v1, https://goo.gl/fbAQLP

exports[`should render DashboardPage correctly 1`] = `
<div
  style={
    Object {
      "backgroundColor": "red",
    }
  }
>
  <p>
    Dashboard Page
  </p>
  <button
    onClick={[Function]}
  >
    change color
  </button>
</div>
`;
